<dec f='glibc_src_2.24/sysdeps/generic/ldsodefs.h' l='397' type='struct link_map *'/>
<offset>64</offset>
<use f='glibc_src_2.24/csu/libc-tls.c' l='208' u='w' c='__libc_setup_tls'/>
<use f='glibc_src_2.24/elf/dl-tls.c' l='70' u='r' c='_dl_next_tls_modid'/>
<use f='glibc_src_2.24/elf/dl-tls.c' l='124' u='r' c='_dl_count_modids'/>
<use f='glibc_src_2.24/elf/dl-tls.c' l='183' u='r' c='_dl_determine_tlsoffset'/>
<use f='glibc_src_2.24/elf/dl-tls.c' l='187' u='r' c='_dl_determine_tlsoffset'/>
<use f='glibc_src_2.24/elf/dl-tls.c' l='188' u='r' c='_dl_determine_tlsoffset'/>
<use f='glibc_src_2.24/elf/dl-tls.c' l='190' u='r' c='_dl_determine_tlsoffset'/>
<use f='glibc_src_2.24/elf/dl-tls.c' l='190' u='r' c='_dl_determine_tlsoffset'/>
<use f='glibc_src_2.24/elf/dl-tls.c' l='192' u='r' c='_dl_determine_tlsoffset'/>
<use f='glibc_src_2.24/elf/dl-tls.c' l='195' u='r' c='_dl_determine_tlsoffset'/>
<use f='glibc_src_2.24/elf/dl-tls.c' l='195' u='r' c='_dl_determine_tlsoffset'/>
<use f='glibc_src_2.24/elf/dl-tls.c' l='195' u='r' c='_dl_determine_tlsoffset'/>
<use f='glibc_src_2.24/elf/dl-tls.c' l='194' u='r' c='_dl_determine_tlsoffset'/>
<use f='glibc_src_2.24/elf/dl-tls.c' l='195' u='r' c='_dl_determine_tlsoffset'/>
<use f='glibc_src_2.24/elf/dl-tls.c' l='195' u='r' c='_dl_determine_tlsoffset'/>
<use f='glibc_src_2.24/elf/dl-tls.c' l='194' u='r' c='_dl_determine_tlsoffset'/>
<use f='glibc_src_2.24/elf/dl-tls.c' l='195' u='r' c='_dl_determine_tlsoffset'/>
<use f='glibc_src_2.24/elf/dl-tls.c' l='195' u='r' c='_dl_determine_tlsoffset'/>
<use f='glibc_src_2.24/elf/dl-tls.c' l='195' u='r' c='_dl_determine_tlsoffset'/>
<use f='glibc_src_2.24/elf/dl-tls.c' l='203' u='r' c='_dl_determine_tlsoffset'/>
<use f='glibc_src_2.24/elf/dl-tls.c' l='209' u='r' c='_dl_determine_tlsoffset'/>
<use f='glibc_src_2.24/elf/dl-tls.c' l='209' u='r' c='_dl_determine_tlsoffset'/>
<use f='glibc_src_2.24/elf/dl-tls.c' l='209' u='r' c='_dl_determine_tlsoffset'/>
<use f='glibc_src_2.24/elf/dl-tls.c' l='208' u='r' c='_dl_determine_tlsoffset'/>
<use f='glibc_src_2.24/elf/dl-tls.c' l='209' u='r' c='_dl_determine_tlsoffset'/>
<use f='glibc_src_2.24/elf/dl-tls.c' l='209' u='r' c='_dl_determine_tlsoffset'/>
<use f='glibc_src_2.24/elf/dl-tls.c' l='208' u='r' c='_dl_determine_tlsoffset'/>
<use f='glibc_src_2.24/elf/dl-tls.c' l='209' u='r' c='_dl_determine_tlsoffset'/>
<use f='glibc_src_2.24/elf/dl-tls.c' l='209' u='r' c='_dl_determine_tlsoffset'/>
<use f='glibc_src_2.24/elf/dl-tls.c' l='209' u='r' c='_dl_determine_tlsoffset'/>
<use f='glibc_src_2.24/elf/dl-tls.c' l='210' u='r' c='_dl_determine_tlsoffset'/>
<use f='glibc_src_2.24/elf/dl-tls.c' l='214' u='r' c='_dl_determine_tlsoffset'/>
<use f='glibc_src_2.24/elf/dl-tls.c' l='220' u='r' c='_dl_determine_tlsoffset'/>
<use f='glibc_src_2.24/elf/dl-tls.c' l='486' u='r' c='__GI__dl_allocate_tls_init'/>
<use f='glibc_src_2.24/elf/dl-tls.c' l='674' u='r' c='_dl_update_slotinfo'/>
<use f='glibc_src_2.24/elf/dl-tls.c' l='755' u='r' c='tls_get_addr_tail'/>
<use f='glibc_src_2.24/elf/dl-tls.c' l='945' u='w' c='_dl_add_to_slotinfo'/>
<use f='glibc_src_2.24/elf/dl-close.c' l='74' u='r' c='remove_slotinfo'/>
<use f='glibc_src_2.24/elf/dl-close.c' l='84' u='w' c='remove_slotinfo'/>
<use f='glibc_src_2.24/elf/dl-close.c' l='97' u='r' c='remove_slotinfo'/>
<use f='glibc_src_2.24/elf/dl-libc.c' l='243' u='r' c='free_slotinfo'/>
<use f='glibc_src_2.24/elf/rtld.c' l='715' u='w' c='init_tls'/>
<use f='glibc_src_2.24/nptl_db/structs.def' l='117' u='r'/>
<use f='glibc_src_2.24/nptl_db/structs.def' l='117' u='r'/>
