<dec f='glibc_src_2.29/sysdeps/generic/ldsodefs.h' l='410' type='struct link_map *'/>
<offset>64</offset>
<use f='glibc_src_2.29/csu/libc-tls.c' l='209' u='w' c='__libc_setup_tls'/>
<use f='glibc_src_2.29/elf/dl-tls.c' l='69' u='r' c='_dl_next_tls_modid'/>
<use f='glibc_src_2.29/elf/dl-tls.c' l='122' u='r' c='_dl_count_modids'/>
<use f='glibc_src_2.29/elf/dl-tls.c' l='180' u='r' c='_dl_determine_tlsoffset'/>
<use f='glibc_src_2.29/elf/dl-tls.c' l='184' u='r' c='_dl_determine_tlsoffset'/>
<use f='glibc_src_2.29/elf/dl-tls.c' l='185' u='r' c='_dl_determine_tlsoffset'/>
<use f='glibc_src_2.29/elf/dl-tls.c' l='187' u='r' c='_dl_determine_tlsoffset'/>
<use f='glibc_src_2.29/elf/dl-tls.c' l='187' u='r' c='_dl_determine_tlsoffset'/>
<use f='glibc_src_2.29/elf/dl-tls.c' l='189' u='r' c='_dl_determine_tlsoffset'/>
<use f='glibc_src_2.29/elf/dl-tls.c' l='192' u='r' c='_dl_determine_tlsoffset'/>
<use f='glibc_src_2.29/elf/dl-tls.c' l='192' u='r' c='_dl_determine_tlsoffset'/>
<use f='glibc_src_2.29/elf/dl-tls.c' l='192' u='r' c='_dl_determine_tlsoffset'/>
<use f='glibc_src_2.29/elf/dl-tls.c' l='191' u='r' c='_dl_determine_tlsoffset'/>
<use f='glibc_src_2.29/elf/dl-tls.c' l='192' u='r' c='_dl_determine_tlsoffset'/>
<use f='glibc_src_2.29/elf/dl-tls.c' l='192' u='r' c='_dl_determine_tlsoffset'/>
<use f='glibc_src_2.29/elf/dl-tls.c' l='191' u='r' c='_dl_determine_tlsoffset'/>
<use f='glibc_src_2.29/elf/dl-tls.c' l='192' u='r' c='_dl_determine_tlsoffset'/>
<use f='glibc_src_2.29/elf/dl-tls.c' l='192' u='r' c='_dl_determine_tlsoffset'/>
<use f='glibc_src_2.29/elf/dl-tls.c' l='192' u='r' c='_dl_determine_tlsoffset'/>
<use f='glibc_src_2.29/elf/dl-tls.c' l='200' u='r' c='_dl_determine_tlsoffset'/>
<use f='glibc_src_2.29/elf/dl-tls.c' l='206' u='r' c='_dl_determine_tlsoffset'/>
<use f='glibc_src_2.29/elf/dl-tls.c' l='206' u='r' c='_dl_determine_tlsoffset'/>
<use f='glibc_src_2.29/elf/dl-tls.c' l='206' u='r' c='_dl_determine_tlsoffset'/>
<use f='glibc_src_2.29/elf/dl-tls.c' l='205' u='r' c='_dl_determine_tlsoffset'/>
<use f='glibc_src_2.29/elf/dl-tls.c' l='206' u='r' c='_dl_determine_tlsoffset'/>
<use f='glibc_src_2.29/elf/dl-tls.c' l='206' u='r' c='_dl_determine_tlsoffset'/>
<use f='glibc_src_2.29/elf/dl-tls.c' l='205' u='r' c='_dl_determine_tlsoffset'/>
<use f='glibc_src_2.29/elf/dl-tls.c' l='206' u='r' c='_dl_determine_tlsoffset'/>
<use f='glibc_src_2.29/elf/dl-tls.c' l='206' u='r' c='_dl_determine_tlsoffset'/>
<use f='glibc_src_2.29/elf/dl-tls.c' l='206' u='r' c='_dl_determine_tlsoffset'/>
<use f='glibc_src_2.29/elf/dl-tls.c' l='207' u='r' c='_dl_determine_tlsoffset'/>
<use f='glibc_src_2.29/elf/dl-tls.c' l='211' u='r' c='_dl_determine_tlsoffset'/>
<use f='glibc_src_2.29/elf/dl-tls.c' l='217' u='r' c='_dl_determine_tlsoffset'/>
<use f='glibc_src_2.29/elf/dl-tls.c' l='474' u='r' c='__GI__dl_allocate_tls_init'/>
<use f='glibc_src_2.29/elf/dl-tls.c' l='680' u='r' c='_dl_update_slotinfo'/>
<use f='glibc_src_2.29/elf/dl-tls.c' l='751' u='r' c='tls_get_addr_tail'/>
<use f='glibc_src_2.29/elf/dl-tls.c' l='942' u='w' c='_dl_add_to_slotinfo'/>
<use f='glibc_src_2.29/elf/tlsdeschtab.h' l='63' u='r' c='map_generation'/>
<use f='glibc_src_2.29/elf/dl-close.c' l='74' u='r' c='remove_slotinfo'/>
<use f='glibc_src_2.29/elf/dl-close.c' l='84' u='w' c='remove_slotinfo'/>
<use f='glibc_src_2.29/elf/dl-close.c' l='97' u='r' c='remove_slotinfo'/>
<use f='glibc_src_2.29/elf/dl-libc.c' l='313' u='r' c='free_slotinfo'/>
<use f='glibc_src_2.29/elf/rtld.c' l='717' u='w' c='init_tls'/>
<use f='glibc_src_2.29/nptl_db/structs.def' l='117' u='r'/>
<use f='glibc_src_2.29/nptl_db/structs.def' l='117' u='r'/>
